
*** Running vivado
    with args -log top_microprocesador.vds -m64 -product Vivado -mode batch -messageDb vivado.pb -notrace -source top_microprocesador.tcl



****** Vivado v2024.2 (64-bit)
  **** SW Build 5239630 on Fri Nov 08 22:35:27 MST 2024
  **** IP Build 5239520 on Sun Nov 10 16:12:51 MST 2024
  **** SharedData Build 5239561 on Fri Nov 08 14:39:27 MST 2024
  **** Start of session at: Sat Jun  6 22:36:39 2026
    ** Copyright 1986-2022 Xilinx, Inc. All Rights Reserved.
    ** Copyright 2022-2024 Advanced Micro Devices, Inc. All Rights Reserved.

source top_microprocesador.tcl -notrace
Command: read_checkpoint -auto_incremental -incremental C:/Users/bolan/Pictures/Laboratorio2/Camino1a/Vamos_PS1/Vamos_PS1.srcs/utils_1/imports/synth_1/top_microprocesador.dcp
INFO: [Vivado 12-5825] Read reference checkpoint from C:/Users/bolan/Pictures/Laboratorio2/Camino1a/Vamos_PS1/Vamos_PS1.srcs/utils_1/imports/synth_1/top_microprocesador.dcp for incremental synthesis
INFO: [Vivado 12-7989] Please ensure there are no constraint changes
Command: synth_design -top top_microprocesador -part xc7a100tcsg324-1
Starting synth_design
Attempting to get a license for feature 'Synthesis' and/or device 'xc7a100t'
INFO: [Common 17-349] Got license for feature 'Synthesis' and/or device 'xc7a100t'
INFO: [Device 21-403] Loading part xc7a100tcsg324-1
INFO: [Designutils 20-5440] No compile time benefit to using incremental synthesis; A full resynthesis will be run
INFO: [Designutils 20-4379] Flow is switching to default flow due to incremental criteria not met. If you would like to alter this behaviour and have the flow terminate instead, please set the following parameter config_implementation {autoIncr.Synth.RejectBehavior Terminate}
INFO: [Synth 8-7079] Multithreading enabled for synth_design using a maximum of 2 processes.
INFO: [Synth 8-7078] Launching helper process for spawning children vivado processes
INFO: [Synth 8-7075] Helper process launched with PID 15736
---------------------------------------------------------------------------------
Starting RTL Elaboration : Time (s): cpu = 00:00:05 ; elapsed = 00:00:06 . Memory (MB): peak = 1021.172 ; gain = 469.270
---------------------------------------------------------------------------------
INFO: [Synth 8-6157] synthesizing module 'top_microprocesador' [C:/Users/bolan/Pictures/Laboratorio2/Camino1a/Vamos_PS1/Vamos_PS1.srcs/sources_1/imports/Downloads/top/top_microprocesador.v:3]
INFO: [Synth 8-251] LEYENDO HEX NUEVO [C:/Users/bolan/Pictures/Laboratorio2/Camino1a/Vamos_PS1/Vamos_PS1.srcs/sources_1/imports/Downloads/top/top_microprocesador.v:96]
INFO: [Synth 8-3876] $readmem data file 'C:/Users/bolan/Pictures/Laboratorio2/Camino1a/Vamos_PS1/Vamos12.hex' is read successfully [C:/Users/bolan/Pictures/Laboratorio2/Camino1a/Vamos_PS1/Vamos_PS1.srcs/sources_1/imports/Downloads/top/top_microprocesador.v:97]
INFO: [Synth 8-6157] synthesizing module 'clk_wiz_0' [C:/Users/bolan/Pictures/Laboratorio2/Camino1a/Vamos_PS1/Vamos_PS1.runs/synth_1/.Xil/Vivado-20828-Darkar13012/realtime/clk_wiz_0_stub.v:6]
INFO: [Synth 8-6155] done synthesizing module 'clk_wiz_0' (0#1) [C:/Users/bolan/Pictures/Laboratorio2/Camino1a/Vamos_PS1/Vamos_PS1.runs/synth_1/.Xil/Vivado-20828-Darkar13012/realtime/clk_wiz_0_stub.v:6]
INFO: [Synth 8-6157] synthesizing module 'picorv32' [C:/Users/bolan/Pictures/Laboratorio2/Camino1a/Vamos_PS1/Vamos_PS1.srcs/sources_1/imports/Downloads/riscv/picorv32.v:62]
	Parameter STACKADDR bound to: 264188 - type: integer 
WARNING: [Synth 8-151] case item 1'b0 is unreachable [C:/Users/bolan/Pictures/Laboratorio2/Camino1a/Vamos_PS1/Vamos_PS1.srcs/sources_1/imports/Downloads/riscv/picorv32.v:1268]
WARNING: [Synth 8-151] case item 1'b0 is unreachable [C:/Users/bolan/Pictures/Laboratorio2/Camino1a/Vamos_PS1/Vamos_PS1.srcs/sources_1/imports/Downloads/riscv/picorv32.v:1314]
INFO: [Synth 8-155] case statement is not full and has no default [C:/Users/bolan/Pictures/Laboratorio2/Camino1a/Vamos_PS1/Vamos_PS1.srcs/sources_1/imports/Downloads/riscv/picorv32.v:1314]
WARNING: [Synth 8-151] case item 1'b0 is unreachable [C:/Users/bolan/Pictures/Laboratorio2/Camino1a/Vamos_PS1/Vamos_PS1.srcs/sources_1/imports/Downloads/riscv/picorv32.v:1497]
INFO: [Synth 8-155] case statement is not full and has no default [C:/Users/bolan/Pictures/Laboratorio2/Camino1a/Vamos_PS1/Vamos_PS1.srcs/sources_1/imports/Downloads/riscv/picorv32.v:1497]
WARNING: [Synth 8-151] case item 1'b0 is unreachable [C:/Users/bolan/Pictures/Laboratorio2/Camino1a/Vamos_PS1/Vamos_PS1.srcs/sources_1/imports/Downloads/riscv/picorv32.v:1583]
WARNING: [Synth 8-151] case item 1'b0 is unreachable [C:/Users/bolan/Pictures/Laboratorio2/Camino1a/Vamos_PS1/Vamos_PS1.srcs/sources_1/imports/Downloads/riscv/picorv32.v:1583]
WARNING: [Synth 8-151] case item 1'b0 is unreachable [C:/Users/bolan/Pictures/Laboratorio2/Camino1a/Vamos_PS1/Vamos_PS1.srcs/sources_1/imports/Downloads/riscv/picorv32.v:1583]
WARNING: [Synth 8-151] case item 1'b0 is unreachable [C:/Users/bolan/Pictures/Laboratorio2/Camino1a/Vamos_PS1/Vamos_PS1.srcs/sources_1/imports/Downloads/riscv/picorv32.v:1583]
WARNING: [Synth 8-151] case item 1'b0 is unreachable [C:/Users/bolan/Pictures/Laboratorio2/Camino1a/Vamos_PS1/Vamos_PS1.srcs/sources_1/imports/Downloads/riscv/picorv32.v:1583]
INFO: [Synth 8-6155] done synthesizing module 'picorv32' (0#1) [C:/Users/bolan/Pictures/Laboratorio2/Camino1a/Vamos_PS1/Vamos_PS1.srcs/sources_1/imports/Downloads/riscv/picorv32.v:62]
WARNING: [Synth 8-7071] port 'mem_la_read' of module 'picorv32' is unconnected for instance 'cpu' [C:/Users/bolan/Pictures/Laboratorio2/Camino1a/Vamos_PS1/Vamos_PS1.srcs/sources_1/imports/Downloads/top/top_microprocesador.v:41]
WARNING: [Synth 8-7071] port 'mem_la_write' of module 'picorv32' is unconnected for instance 'cpu' [C:/Users/bolan/Pictures/Laboratorio2/Camino1a/Vamos_PS1/Vamos_PS1.srcs/sources_1/imports/Downloads/top/top_microprocesador.v:41]
WARNING: [Synth 8-7071] port 'mem_la_addr' of module 'picorv32' is unconnected for instance 'cpu' [C:/Users/bolan/Pictures/Laboratorio2/Camino1a/Vamos_PS1/Vamos_PS1.srcs/sources_1/imports/Downloads/top/top_microprocesador.v:41]
WARNING: [Synth 8-7071] port 'mem_la_wdata' of module 'picorv32' is unconnected for instance 'cpu' [C:/Users/bolan/Pictures/Laboratorio2/Camino1a/Vamos_PS1/Vamos_PS1.srcs/sources_1/imports/Downloads/top/top_microprocesador.v:41]
WARNING: [Synth 8-7071] port 'mem_la_wstrb' of module 'picorv32' is unconnected for instance 'cpu' [C:/Users/bolan/Pictures/Laboratorio2/Camino1a/Vamos_PS1/Vamos_PS1.srcs/sources_1/imports/Downloads/top/top_microprocesador.v:41]
WARNING: [Synth 8-7071] port 'pcpi_valid' of module 'picorv32' is unconnected for instance 'cpu' [C:/Users/bolan/Pictures/Laboratorio2/Camino1a/Vamos_PS1/Vamos_PS1.srcs/sources_1/imports/Downloads/top/top_microprocesador.v:41]
WARNING: [Synth 8-7071] port 'pcpi_insn' of module 'picorv32' is unconnected for instance 'cpu' [C:/Users/bolan/Pictures/Laboratorio2/Camino1a/Vamos_PS1/Vamos_PS1.srcs/sources_1/imports/Downloads/top/top_microprocesador.v:41]
WARNING: [Synth 8-7071] port 'pcpi_rs1' of module 'picorv32' is unconnected for instance 'cpu' [C:/Users/bolan/Pictures/Laboratorio2/Camino1a/Vamos_PS1/Vamos_PS1.srcs/sources_1/imports/Downloads/top/top_microprocesador.v:41]
WARNING: [Synth 8-7071] port 'pcpi_rs2' of module 'picorv32' is unconnected for instance 'cpu' [C:/Users/bolan/Pictures/Laboratorio2/Camino1a/Vamos_PS1/Vamos_PS1.srcs/sources_1/imports/Downloads/top/top_microprocesador.v:41]
WARNING: [Synth 8-7071] port 'pcpi_wr' of module 'picorv32' is unconnected for instance 'cpu' [C:/Users/bolan/Pictures/Laboratorio2/Camino1a/Vamos_PS1/Vamos_PS1.srcs/sources_1/imports/Downloads/top/top_microprocesador.v:41]
WARNING: [Synth 8-7071] port 'pcpi_rd' of module 'picorv32' is unconnected for instance 'cpu' [C:/Users/bolan/Pictures/Laboratorio2/Camino1a/Vamos_PS1/Vamos_PS1.srcs/sources_1/imports/Downloads/top/top_microprocesador.v:41]
WARNING: [Synth 8-7071] port 'pcpi_wait' of module 'picorv32' is unconnected for instance 'cpu' [C:/Users/bolan/Pictures/Laboratorio2/Camino1a/Vamos_PS1/Vamos_PS1.srcs/sources_1/imports/Downloads/top/top_microprocesador.v:41]
WARNING: [Synth 8-7071] port 'pcpi_ready' of module 'picorv32' is unconnected for instance 'cpu' [C:/Users/bolan/Pictures/Laboratorio2/Camino1a/Vamos_PS1/Vamos_PS1.srcs/sources_1/imports/Downloads/top/top_microprocesador.v:41]
WARNING: [Synth 8-7071] port 'trace_valid' of module 'picorv32' is unconnected for instance 'cpu' [C:/Users/bolan/Pictures/Laboratorio2/Camino1a/Vamos_PS1/Vamos_PS1.srcs/sources_1/imports/Downloads/top/top_microprocesador.v:41]
WARNING: [Synth 8-7071] port 'trace_data' of module 'picorv32' is unconnected for instance 'cpu' [C:/Users/bolan/Pictures/Laboratorio2/Camino1a/Vamos_PS1/Vamos_PS1.srcs/sources_1/imports/Downloads/top/top_microprocesador.v:41]
WARNING: [Synth 8-7023] instance 'cpu' of module 'picorv32' has 27 connections declared, but only 12 given [C:/Users/bolan/Pictures/Laboratorio2/Camino1a/Vamos_PS1/Vamos_PS1.srcs/sources_1/imports/Downloads/top/top_microprocesador.v:41]
INFO: [Synth 8-6157] synthesizing module 'axi_bridge' [C:/Users/bolan/Pictures/Laboratorio2/Camino1a/Vamos_PS1/Vamos_PS1.srcs/sources_1/imports/new/bridge.v:3]
INFO: [Synth 8-6155] done synthesizing module 'axi_bridge' (0#1) [C:/Users/bolan/Pictures/Laboratorio2/Camino1a/Vamos_PS1/Vamos_PS1.srcs/sources_1/imports/new/bridge.v:3]
INFO: [Synth 8-6157] synthesizing module 'axi_gpio_slave' [C:/Users/bolan/Pictures/Laboratorio2/Camino1a/Vamos_PS1/Vamos_PS1.srcs/sources_1/imports/new/axi_gpio_simple.v:3]
INFO: [Synth 8-6155] done synthesizing module 'axi_gpio_slave' (0#1) [C:/Users/bolan/Pictures/Laboratorio2/Camino1a/Vamos_PS1/Vamos_PS1.srcs/sources_1/imports/new/axi_gpio_simple.v:3]
INFO: [Synth 8-6157] synthesizing module 'axi_uart_slave' [C:/Users/bolan/Pictures/Laboratorio2/Camino1a/Vamos_PS1/Vamos_PS1.srcs/sources_1/new/axi_uart.v:3]
INFO: [Synth 8-6157] synthesizing module 'uart' [C:/Users/bolan/Pictures/Laboratorio2/Camino1a/Vamos_PS1/Vamos_PS1.srcs/sources_1/imports/Downloads/uart/uart.sv:3]
	Parameter BaudRate bound to: 9600 - type: integer 
	Parameter SystemClockFreq bound to: 100000000 - type: integer 
INFO: [Synth 8-6157] synthesizing module 'fifo' [C:/Users/bolan/Pictures/Laboratorio2/Camino1a/Vamos_PS1/Vamos_PS1.srcs/sources_1/imports/Downloads/uart/fifo.sv:3]
	Parameter DataWidth bound to: 8 - type: integer 
	Parameter Depth bound to: 8 - type: integer 
INFO: [Synth 8-6157] synthesizing module 'fifo_mem' [C:/Users/bolan/Pictures/Laboratorio2/Camino1a/Vamos_PS1/Vamos_PS1.srcs/sources_1/imports/Downloads/uart/fifo_mem.sv:3]
	Parameter DataWidth bound to: 8 - type: integer 
	Parameter Depth bound to: 8 - type: integer 
INFO: [Synth 8-6155] done synthesizing module 'fifo_mem' (0#1) [C:/Users/bolan/Pictures/Laboratorio2/Camino1a/Vamos_PS1/Vamos_PS1.srcs/sources_1/imports/Downloads/uart/fifo_mem.sv:3]
INFO: [Synth 8-6157] synthesizing module 'fifo_ctrl' [C:/Users/bolan/Pictures/Laboratorio2/Camino1a/Vamos_PS1/Vamos_PS1.srcs/sources_1/imports/Downloads/uart/fifo_ctrl.sv:3]
	Parameter DataWidth bound to: 8 - type: integer 
	Parameter Depth bound to: 8 - type: integer 
INFO: [Synth 8-6155] done synthesizing module 'fifo_ctrl' (0#1) [C:/Users/bolan/Pictures/Laboratorio2/Camino1a/Vamos_PS1/Vamos_PS1.srcs/sources_1/imports/Downloads/uart/fifo_ctrl.sv:3]
INFO: [Synth 8-6155] done synthesizing module 'fifo' (0#1) [C:/Users/bolan/Pictures/Laboratorio2/Camino1a/Vamos_PS1/Vamos_PS1.srcs/sources_1/imports/Downloads/uart/fifo.sv:3]
INFO: [Synth 8-6157] synthesizing module 'uart_tx' [C:/Users/bolan/Pictures/Laboratorio2/Camino1a/Vamos_PS1/Vamos_PS1.srcs/sources_1/imports/Downloads/uart/uart_tx.sv:1]
	Parameter SystemClockFreq bound to: 100000000 - type: integer 
	Parameter BaudRate bound to: 9600 - type: integer 
	Parameter DataLength bound to: 8 - type: integer 
	Parameter FlowControl bound to: 1'b0 
INFO: [Synth 8-294] found qualifier unique on case statement: implementing as parallel_case [C:/Users/bolan/Pictures/Laboratorio2/Camino1a/Vamos_PS1/Vamos_PS1.srcs/sources_1/imports/Downloads/uart/uart_tx.sv:51]
INFO: [Synth 8-294] found qualifier unique on case statement: implementing as parallel_case [C:/Users/bolan/Pictures/Laboratorio2/Camino1a/Vamos_PS1/Vamos_PS1.srcs/sources_1/imports/Downloads/uart/uart_tx.sv:84]
INFO: [Synth 8-6155] done synthesizing module 'uart_tx' (0#1) [C:/Users/bolan/Pictures/Laboratorio2/Camino1a/Vamos_PS1/Vamos_PS1.srcs/sources_1/imports/Downloads/uart/uart_tx.sv:1]
INFO: [Synth 8-6157] synthesizing module 'uart_rx' [C:/Users/bolan/Pictures/Laboratorio2/Camino1a/Vamos_PS1/Vamos_PS1.srcs/sources_1/imports/Downloads/uart/uart_rx.sv:1]
	Parameter DataLength bound to: 8 - type: integer 
	Parameter SystemClockFreq bound to: 100000000 - type: integer 
	Parameter BaudRate bound to: 9600 - type: integer 
WARNING: [Synth 8-2898] ignoring concurrent assertion [C:/Users/bolan/Pictures/Laboratorio2/Camino1a/Vamos_PS1/Vamos_PS1.srcs/sources_1/imports/Downloads/uart/uart_rx.sv:188]
WARNING: [Synth 8-2898] ignoring concurrent assertion [C:/Users/bolan/Pictures/Laboratorio2/Camino1a/Vamos_PS1/Vamos_PS1.srcs/sources_1/imports/Downloads/uart/uart_rx.sv:189]
INFO: [Synth 8-294] found qualifier unique on case statement: implementing as parallel_case [C:/Users/bolan/Pictures/Laboratorio2/Camino1a/Vamos_PS1/Vamos_PS1.srcs/sources_1/imports/Downloads/uart/uart_rx.sv:69]
INFO: [Synth 8-294] found qualifier unique on case statement: implementing as parallel_case [C:/Users/bolan/Pictures/Laboratorio2/Camino1a/Vamos_PS1/Vamos_PS1.srcs/sources_1/imports/Downloads/uart/uart_rx.sv:113]
INFO: [Synth 8-6155] done synthesizing module 'uart_rx' (0#1) [C:/Users/bolan/Pictures/Laboratorio2/Camino1a/Vamos_PS1/Vamos_PS1.srcs/sources_1/imports/Downloads/uart/uart_rx.sv:1]
INFO: [Synth 8-6155] done synthesizing module 'uart' (0#1) [C:/Users/bolan/Pictures/Laboratorio2/Camino1a/Vamos_PS1/Vamos_PS1.srcs/sources_1/imports/Downloads/uart/uart.sv:3]
WARNING: [Synth 8-7071] port 'o_tx_empty' of module 'uart' is unconnected for instance 'uart_inst' [C:/Users/bolan/Pictures/Laboratorio2/Camino1a/Vamos_PS1/Vamos_PS1.srcs/sources_1/new/axi_uart.v:55]
WARNING: [Synth 8-7023] instance 'uart_inst' of module 'uart' has 14 connections declared, but only 13 given [C:/Users/bolan/Pictures/Laboratorio2/Camino1a/Vamos_PS1/Vamos_PS1.srcs/sources_1/new/axi_uart.v:55]
INFO: [Synth 8-6155] done synthesizing module 'axi_uart_slave' (0#1) [C:/Users/bolan/Pictures/Laboratorio2/Camino1a/Vamos_PS1/Vamos_PS1.srcs/sources_1/new/axi_uart.v:3]
INFO: [Synth 8-6157] synthesizing module 'spi_adxl362' [C:/Users/bolan/Pictures/Laboratorio2/Camino1a/Vamos_PS1/Vamos_PS1.srcs/sources_1/imports/new/spi_adc1362.v:3]
	Parameter CLK_FREQ bound to: 100000000 - type: integer 
	Parameter SPI_FREQ bound to: 1000000 - type: integer 
INFO: [Synth 8-155] case statement is not full and has no default [C:/Users/bolan/Pictures/Laboratorio2/Camino1a/Vamos_PS1/Vamos_PS1.srcs/sources_1/imports/new/spi_adc1362.v:225]
INFO: [Synth 8-6155] done synthesizing module 'spi_adxl362' (0#1) [C:/Users/bolan/Pictures/Laboratorio2/Camino1a/Vamos_PS1/Vamos_PS1.srcs/sources_1/imports/new/spi_adc1362.v:3]
INFO: [Synth 8-6155] done synthesizing module 'top_microprocesador' (0#1) [C:/Users/bolan/Pictures/Laboratorio2/Camino1a/Vamos_PS1/Vamos_PS1.srcs/sources_1/imports/Downloads/top/top_microprocesador.v:3]
WARNING: [Synth 8-6014] Unused sequential element mem_la_firstword_reg_reg was removed.  [C:/Users/bolan/Pictures/Laboratorio2/Camino1a/Vamos_PS1/Vamos_PS1.srcs/sources_1/imports/Downloads/riscv/picorv32.v:392]
WARNING: [Synth 8-6014] Unused sequential element last_mem_valid_reg was removed.  [C:/Users/bolan/Pictures/Laboratorio2/Camino1a/Vamos_PS1/Vamos_PS1.srcs/sources_1/imports/Downloads/riscv/picorv32.v:393]
WARNING: [Synth 8-6014] Unused sequential element next_insn_opcode_reg was removed.  [C:/Users/bolan/Pictures/Laboratorio2/Camino1a/Vamos_PS1/Vamos_PS1.srcs/sources_1/imports/Downloads/riscv/picorv32.v:433]
WARNING: [Synth 8-6014] Unused sequential element mem_la_secondword_reg was removed.  [C:/Users/bolan/Pictures/Laboratorio2/Camino1a/Vamos_PS1/Vamos_PS1.srcs/sources_1/imports/Downloads/riscv/picorv32.v:571]
WARNING: [Synth 8-6014] Unused sequential element prefetched_high_word_reg was removed.  [C:/Users/bolan/Pictures/Laboratorio2/Camino1a/Vamos_PS1/Vamos_PS1.srcs/sources_1/imports/Downloads/riscv/picorv32.v:572]
WARNING: [Synth 8-6014] Unused sequential element q_ascii_instr_reg was removed.  [C:/Users/bolan/Pictures/Laboratorio2/Camino1a/Vamos_PS1/Vamos_PS1.srcs/sources_1/imports/Downloads/riscv/picorv32.v:779]
WARNING: [Synth 8-6014] Unused sequential element q_insn_imm_reg was removed.  [C:/Users/bolan/Pictures/Laboratorio2/Camino1a/Vamos_PS1/Vamos_PS1.srcs/sources_1/imports/Downloads/riscv/picorv32.v:780]
WARNING: [Synth 8-6014] Unused sequential element q_insn_opcode_reg was removed.  [C:/Users/bolan/Pictures/Laboratorio2/Camino1a/Vamos_PS1/Vamos_PS1.srcs/sources_1/imports/Downloads/riscv/picorv32.v:781]
WARNING: [Synth 8-6014] Unused sequential element q_insn_rs1_reg was removed.  [C:/Users/bolan/Pictures/Laboratorio2/Camino1a/Vamos_PS1/Vamos_PS1.srcs/sources_1/imports/Downloads/riscv/picorv32.v:782]
WARNING: [Synth 8-6014] Unused sequential element q_insn_rs2_reg was removed.  [C:/Users/bolan/Pictures/Laboratorio2/Camino1a/Vamos_PS1/Vamos_PS1.srcs/sources_1/imports/Downloads/riscv/picorv32.v:783]
WARNING: [Synth 8-6014] Unused sequential element q_insn_rd_reg was removed.  [C:/Users/bolan/Pictures/Laboratorio2/Camino1a/Vamos_PS1/Vamos_PS1.srcs/sources_1/imports/Downloads/riscv/picorv32.v:784]
WARNING: [Synth 8-6014] Unused sequential element dbg_next_reg was removed.  [C:/Users/bolan/Pictures/Laboratorio2/Camino1a/Vamos_PS1/Vamos_PS1.srcs/sources_1/imports/Downloads/riscv/picorv32.v:785]
WARNING: [Synth 8-6014] Unused sequential element dbg_valid_insn_reg was removed.  [C:/Users/bolan/Pictures/Laboratorio2/Camino1a/Vamos_PS1/Vamos_PS1.srcs/sources_1/imports/Downloads/riscv/picorv32.v:788]
WARNING: [Synth 8-6014] Unused sequential element cached_ascii_instr_reg was removed.  [C:/Users/bolan/Pictures/Laboratorio2/Camino1a/Vamos_PS1/Vamos_PS1.srcs/sources_1/imports/Downloads/riscv/picorv32.v:793]
WARNING: [Synth 8-6014] Unused sequential element cached_insn_imm_reg was removed.  [C:/Users/bolan/Pictures/Laboratorio2/Camino1a/Vamos_PS1/Vamos_PS1.srcs/sources_1/imports/Downloads/riscv/picorv32.v:794]
WARNING: [Synth 8-6014] Unused sequential element cached_insn_opcode_reg was removed.  [C:/Users/bolan/Pictures/Laboratorio2/Camino1a/Vamos_PS1/Vamos_PS1.srcs/sources_1/imports/Downloads/riscv/picorv32.v:796]
WARNING: [Synth 8-6014] Unused sequential element cached_insn_rs1_reg was removed.  [C:/Users/bolan/Pictures/Laboratorio2/Camino1a/Vamos_PS1/Vamos_PS1.srcs/sources_1/imports/Downloads/riscv/picorv32.v:799]
WARNING: [Synth 8-6014] Unused sequential element cached_insn_rs2_reg was removed.  [C:/Users/bolan/Pictures/Laboratorio2/Camino1a/Vamos_PS1/Vamos_PS1.srcs/sources_1/imports/Downloads/riscv/picorv32.v:800]
WARNING: [Synth 8-6014] Unused sequential element cached_insn_rd_reg was removed.  [C:/Users/bolan/Pictures/Laboratorio2/Camino1a/Vamos_PS1/Vamos_PS1.srcs/sources_1/imports/Downloads/riscv/picorv32.v:801]
WARNING: [Synth 8-6014] Unused sequential element dbg_insn_addr_reg was removed.  [C:/Users/bolan/Pictures/Laboratorio2/Camino1a/Vamos_PS1/Vamos_PS1.srcs/sources_1/imports/Downloads/riscv/picorv32.v:805]
WARNING: [Synth 8-6014] Unused sequential element clear_prefetched_high_word_q_reg was removed.  [C:/Users/bolan/Pictures/Laboratorio2/Camino1a/Vamos_PS1/Vamos_PS1.srcs/sources_1/imports/Downloads/riscv/picorv32.v:1293]
WARNING: [Synth 8-6014] Unused sequential element set_mem_do_rinst_reg was removed.  [C:/Users/bolan/Pictures/Laboratorio2/Camino1a/Vamos_PS1/Vamos_PS1.srcs/sources_1/imports/Downloads/riscv/picorv32.v:1406]
WARNING: [Synth 8-6014] Unused sequential element set_mem_do_rdata_reg was removed.  [C:/Users/bolan/Pictures/Laboratorio2/Camino1a/Vamos_PS1/Vamos_PS1.srcs/sources_1/imports/Downloads/riscv/picorv32.v:1407]
WARNING: [Synth 8-6014] Unused sequential element set_mem_do_wdata_reg was removed.  [C:/Users/bolan/Pictures/Laboratorio2/Camino1a/Vamos_PS1/Vamos_PS1.srcs/sources_1/imports/Downloads/riscv/picorv32.v:1408]
WARNING: [Synth 8-6014] Unused sequential element alu_out_0_q_reg was removed.  [C:/Users/bolan/Pictures/Laboratorio2/Camino1a/Vamos_PS1/Vamos_PS1.srcs/sources_1/imports/Downloads/riscv/picorv32.v:1410]
WARNING: [Synth 8-6014] Unused sequential element alu_wait_reg was removed.  [C:/Users/bolan/Pictures/Laboratorio2/Camino1a/Vamos_PS1/Vamos_PS1.srcs/sources_1/imports/Downloads/riscv/picorv32.v:1413]
WARNING: [Synth 8-6014] Unused sequential element alu_wait_2_reg was removed.  [C:/Users/bolan/Pictures/Laboratorio2/Camino1a/Vamos_PS1/Vamos_PS1.srcs/sources_1/imports/Downloads/riscv/picorv32.v:1414]
WARNING: [Synth 8-6014] Unused sequential element dbg_rs1val_reg was removed.  [C:/Users/bolan/Pictures/Laboratorio2/Camino1a/Vamos_PS1/Vamos_PS1.srcs/sources_1/imports/Downloads/riscv/picorv32.v:1417]
WARNING: [Synth 8-6014] Unused sequential element dbg_rs2val_reg was removed.  [C:/Users/bolan/Pictures/Laboratorio2/Camino1a/Vamos_PS1/Vamos_PS1.srcs/sources_1/imports/Downloads/riscv/picorv32.v:1418]
WARNING: [Synth 8-6014] Unused sequential element dbg_rs1val_valid_reg was removed.  [C:/Users/bolan/Pictures/Laboratorio2/Camino1a/Vamos_PS1/Vamos_PS1.srcs/sources_1/imports/Downloads/riscv/picorv32.v:1419]
WARNING: [Synth 8-6014] Unused sequential element dbg_rs2val_valid_reg was removed.  [C:/Users/bolan/Pictures/Laboratorio2/Camino1a/Vamos_PS1/Vamos_PS1.srcs/sources_1/imports/Downloads/riscv/picorv32.v:1420]
WARNING: [Synth 8-6014] Unused sequential element next_irq_pending_reg was removed.  [C:/Users/bolan/Pictures/Laboratorio2/Camino1a/Vamos_PS1/Vamos_PS1.srcs/sources_1/imports/Downloads/riscv/picorv32.v:1440]
WARNING: [Synth 8-6014] Unused sequential element decoder_trigger_q_reg was removed.  [C:/Users/bolan/Pictures/Laboratorio2/Camino1a/Vamos_PS1/Vamos_PS1.srcs/sources_1/imports/Downloads/riscv/picorv32.v:1447]
WARNING: [Synth 8-6014] Unused sequential element decoder_pseudo_trigger_q_reg was removed.  [C:/Users/bolan/Pictures/Laboratorio2/Camino1a/Vamos_PS1/Vamos_PS1.srcs/sources_1/imports/Downloads/riscv/picorv32.v:1449]
WARNING: [Synth 8-6014] Unused sequential element latched_trace_reg was removed.  [C:/Users/bolan/Pictures/Laboratorio2/Camino1a/Vamos_PS1/Vamos_PS1.srcs/sources_1/imports/Downloads/riscv/picorv32.v:1465]
WARNING: [Synth 8-6014] Unused sequential element irq_active_reg was removed.  [C:/Users/bolan/Pictures/Laboratorio2/Camino1a/Vamos_PS1/Vamos_PS1.srcs/sources_1/imports/Downloads/riscv/picorv32.v:1471]
WARNING: [Synth 8-6014] Unused sequential element irq_delay_reg was removed.  [C:/Users/bolan/Pictures/Laboratorio2/Camino1a/Vamos_PS1/Vamos_PS1.srcs/sources_1/imports/Downloads/riscv/picorv32.v:1472]
WARNING: [Synth 8-6014] Unused sequential element irq_mask_reg was removed.  [C:/Users/bolan/Pictures/Laboratorio2/Camino1a/Vamos_PS1/Vamos_PS1.srcs/sources_1/imports/Downloads/riscv/picorv32.v:1473]
WARNING: [Synth 8-6014] Unused sequential element irq_state_reg was removed.  [C:/Users/bolan/Pictures/Laboratorio2/Camino1a/Vamos_PS1/Vamos_PS1.srcs/sources_1/imports/Downloads/riscv/picorv32.v:1475]
WARNING: [Synth 8-6014] Unused sequential element timer_reg was removed.  [C:/Users/bolan/Pictures/Laboratorio2/Camino1a/Vamos_PS1/Vamos_PS1.srcs/sources_1/imports/Downloads/riscv/picorv32.v:1477]
WARNING: [Synth 8-6014] Unused sequential element current_pc_reg was removed.  [C:/Users/bolan/Pictures/Laboratorio2/Camino1a/Vamos_PS1/Vamos_PS1.srcs/sources_1/imports/Downloads/riscv/picorv32.v:1495]
WARNING: [Synth 8-6014] Unused sequential element irq_pending_reg was removed.  [C:/Users/bolan/Pictures/Laboratorio2/Camino1a/Vamos_PS1/Vamos_PS1.srcs/sources_1/imports/Downloads/riscv/picorv32.v:1963]
WARNING: [Synth 8-6014] Unused sequential element trace_valid_reg was removed.  [C:/Users/bolan/Pictures/Laboratorio2/Camino1a/Vamos_PS1/Vamos_PS1.srcs/sources_1/imports/Downloads/riscv/picorv32.v:1452]
WARNING: [Synth 8-6014] Unused sequential element instr_ecall_ebreak_reg was removed.  [C:/Users/bolan/Pictures/Laboratorio2/Camino1a/Vamos_PS1/Vamos_PS1.srcs/sources_1/imports/Downloads/riscv/picorv32.v:1086]
WARNING: [Synth 8-6014] Unused sequential element pcpi_timeout_reg was removed.  [C:/Users/bolan/Pictures/Laboratorio2/Camino1a/Vamos_PS1/Vamos_PS1.srcs/sources_1/imports/Downloads/riscv/picorv32.v:1470]
WARNING: [Synth 8-6014] Unused sequential element ar_done_reg was removed.  [C:/Users/bolan/Pictures/Laboratorio2/Camino1a/Vamos_PS1/Vamos_PS1.srcs/sources_1/imports/new/bridge.v:108]
WARNING: [Synth 8-6014] Unused sequential element bit_counter_rst_n_reg was removed.  [C:/Users/bolan/Pictures/Laboratorio2/Camino1a/Vamos_PS1/Vamos_PS1.srcs/sources_1/imports/Downloads/uart/uart_rx.sv:114]
WARNING: [Synth 8-6014] Unused sequential element rx0_reg was removed.  [C:/Users/bolan/Pictures/Laboratorio2/Camino1a/Vamos_PS1/Vamos_PS1.srcs/sources_1/imports/new/spi_adc1362.v:104]
WARNING: [Synth 8-6014] Unused sequential element rx1_reg was removed.  [C:/Users/bolan/Pictures/Laboratorio2/Camino1a/Vamos_PS1/Vamos_PS1.srcs/sources_1/imports/new/spi_adc1362.v:104]
WARNING: [Synth 8-7129] Port mem_wdata[31] in module spi_adxl362 is either unconnected or has no load
WARNING: [Synth 8-7129] Port mem_wdata[30] in module spi_adxl362 is either unconnected or has no load
WARNING: [Synth 8-7129] Port mem_wdata[29] in module spi_adxl362 is either unconnected or has no load
WARNING: [Synth 8-7129] Port mem_wdata[28] in module spi_adxl362 is either unconnected or has no load
WARNING: [Synth 8-7129] Port mem_wdata[27] in module spi_adxl362 is either unconnected or has no load
WARNING: [Synth 8-7129] Port mem_wdata[26] in module spi_adxl362 is either unconnected or has no load
WARNING: [Synth 8-7129] Port mem_wdata[25] in module spi_adxl362 is either unconnected or has no load
WARNING: [Synth 8-7129] Port mem_wdata[24] in module spi_adxl362 is either unconnected or has no load
WARNING: [Synth 8-7129] Port mem_wdata[23] in module spi_adxl362 is either unconnected or has no load
WARNING: [Synth 8-7129] Port mem_wdata[22] in module spi_adxl362 is either unconnected or has no load
WARNING: [Synth 8-7129] Port mem_wdata[21] in module spi_adxl362 is either unconnected or has no load
WARNING: [Synth 8-7129] Port mem_wdata[20] in module spi_adxl362 is either unconnected or has no load
WARNING: [Synth 8-7129] Port mem_wdata[19] in module spi_adxl362 is either unconnected or has no load
WARNING: [Synth 8-7129] Port mem_wdata[18] in module spi_adxl362 is either unconnected or has no load
WARNING: [Synth 8-7129] Port mem_wdata[17] in module spi_adxl362 is either unconnected or has no load
WARNING: [Synth 8-7129] Port mem_wdata[16] in module spi_adxl362 is either unconnected or has no load
WARNING: [Synth 8-7129] Port mem_wdata[15] in module spi_adxl362 is either unconnected or has no load
WARNING: [Synth 8-7129] Port mem_wdata[14] in module spi_adxl362 is either unconnected or has no load
WARNING: [Synth 8-7129] Port mem_wdata[13] in module spi_adxl362 is either unconnected or has no load
WARNING: [Synth 8-7129] Port mem_wdata[12] in module spi_adxl362 is either unconnected or has no load
WARNING: [Synth 8-7129] Port mem_wdata[11] in module spi_adxl362 is either unconnected or has no load
WARNING: [Synth 8-7129] Port mem_wdata[10] in module spi_adxl362 is either unconnected or has no load
WARNING: [Synth 8-7129] Port mem_wdata[9] in module spi_adxl362 is either unconnected or has no load
WARNING: [Synth 8-7129] Port mem_wdata[8] in module spi_adxl362 is either unconnected or has no load
WARNING: [Synth 8-7129] Port mem_wdata[7] in module spi_adxl362 is either unconnected or has no load
WARNING: [Synth 8-7129] Port mem_wdata[6] in module spi_adxl362 is either unconnected or has no load
WARNING: [Synth 8-7129] Port mem_wdata[5] in module spi_adxl362 is either unconnected or has no load
WARNING: [Synth 8-7129] Port mem_wdata[4] in module spi_adxl362 is either unconnected or has no load
WARNING: [Synth 8-7129] Port mem_wdata[3] in module spi_adxl362 is either unconnected or has no load
WARNING: [Synth 8-7129] Port mem_wdata[2] in module spi_adxl362 is either unconnected or has no load
WARNING: [Synth 8-7129] Port mem_wdata[1] in module spi_adxl362 is either unconnected or has no load
WARNING: [Synth 8-7129] Port i_cts in module uart_tx is either unconnected or has no load
WARNING: [Synth 8-7129] Port S_AXI_WDATA[31] in module axi_uart_slave is either unconnected or has no load
WARNING: [Synth 8-7129] Port S_AXI_WDATA[30] in module axi_uart_slave is either unconnected or has no load
WARNING: [Synth 8-7129] Port S_AXI_WDATA[29] in module axi_uart_slave is either unconnected or has no load
WARNING: [Synth 8-7129] Port S_AXI_WDATA[28] in module axi_uart_slave is either unconnected or has no load
WARNING: [Synth 8-7129] Port S_AXI_WDATA[27] in module axi_uart_slave is either unconnected or has no load
WARNING: [Synth 8-7129] Port S_AXI_WDATA[26] in module axi_uart_slave is either unconnected or has no load
WARNING: [Synth 8-7129] Port S_AXI_WDATA[25] in module axi_uart_slave is either unconnected or has no load
WARNING: [Synth 8-7129] Port S_AXI_WDATA[24] in module axi_uart_slave is either unconnected or has no load
WARNING: [Synth 8-7129] Port S_AXI_WDATA[23] in module axi_uart_slave is either unconnected or has no load
WARNING: [Synth 8-7129] Port S_AXI_WDATA[22] in module axi_uart_slave is either unconnected or has no load
WARNING: [Synth 8-7129] Port S_AXI_WDATA[21] in module axi_uart_slave is either unconnected or has no load
WARNING: [Synth 8-7129] Port S_AXI_WDATA[20] in module axi_uart_slave is either unconnected or has no load
WARNING: [Synth 8-7129] Port S_AXI_WDATA[19] in module axi_uart_slave is either unconnected or has no load
WARNING: [Synth 8-7129] Port S_AXI_WDATA[18] in module axi_uart_slave is either unconnected or has no load
WARNING: [Synth 8-7129] Port S_AXI_WDATA[17] in module axi_uart_slave is either unconnected or has no load
WARNING: [Synth 8-7129] Port S_AXI_WDATA[16] in module axi_uart_slave is either unconnected or has no load
WARNING: [Synth 8-7129] Port S_AXI_WDATA[15] in module axi_uart_slave is either unconnected or has no load
WARNING: [Synth 8-7129] Port S_AXI_WDATA[14] in module axi_uart_slave is either unconnected or has no load
WARNING: [Synth 8-7129] Port S_AXI_WDATA[13] in module axi_uart_slave is either unconnected or has no load
WARNING: [Synth 8-7129] Port S_AXI_WDATA[12] in module axi_uart_slave is either unconnected or has no load
WARNING: [Synth 8-7129] Port S_AXI_WDATA[11] in module axi_uart_slave is either unconnected or has no load
WARNING: [Synth 8-7129] Port S_AXI_WDATA[10] in module axi_uart_slave is either unconnected or has no load
WARNING: [Synth 8-7129] Port S_AXI_WDATA[9] in module axi_uart_slave is either unconnected or has no load
WARNING: [Synth 8-7129] Port S_AXI_WDATA[8] in module axi_uart_slave is either unconnected or has no load
WARNING: [Synth 8-7129] Port S_AXI_WSTRB[3] in module axi_uart_slave is either unconnected or has no load
WARNING: [Synth 8-7129] Port S_AXI_WSTRB[2] in module axi_uart_slave is either unconnected or has no load
WARNING: [Synth 8-7129] Port S_AXI_WSTRB[1] in module axi_uart_slave is either unconnected or has no load
WARNING: [Synth 8-7129] Port S_AXI_AWADDR[31] in module axi_gpio_slave is either unconnected or has no load
WARNING: [Synth 8-7129] Port S_AXI_AWADDR[30] in module axi_gpio_slave is either unconnected or has no load
WARNING: [Synth 8-7129] Port S_AXI_AWADDR[29] in module axi_gpio_slave is either unconnected or has no load
WARNING: [Synth 8-7129] Port S_AXI_AWADDR[28] in module axi_gpio_slave is either unconnected or has no load
WARNING: [Synth 8-7129] Port S_AXI_AWADDR[27] in module axi_gpio_slave is either unconnected or has no load
WARNING: [Synth 8-7129] Port S_AXI_AWADDR[26] in module axi_gpio_slave is either unconnected or has no load
WARNING: [Synth 8-7129] Port S_AXI_AWADDR[25] in module axi_gpio_slave is either unconnected or has no load
WARNING: [Synth 8-7129] Port S_AXI_AWADDR[24] in module axi_gpio_slave is either unconnected or has no load
WARNING: [Synth 8-7129] Port S_AXI_AWADDR[23] in module axi_gpio_slave is either unconnected or has no load
WARNING: [Synth 8-7129] Port S_AXI_AWADDR[22] in module axi_gpio_slave is either unconnected or has no load
WARNING: [Synth 8-7129] Port S_AXI_AWADDR[21] in module axi_gpio_slave is either unconnected or has no load
WARNING: [Synth 8-7129] Port S_AXI_AWADDR[20] in module axi_gpio_slave is either unconnected or has no load
WARNING: [Synth 8-7129] Port S_AXI_AWADDR[19] in module axi_gpio_slave is either unconnected or has no load
WARNING: [Synth 8-7129] Port S_AXI_AWADDR[18] in module axi_gpio_slave is either unconnected or has no load
WARNING: [Synth 8-7129] Port S_AXI_AWADDR[17] in module axi_gpio_slave is either unconnected or has no load
WARNING: [Synth 8-7129] Port S_AXI_AWADDR[16] in module axi_gpio_slave is either unconnected or has no load
WARNING: [Synth 8-7129] Port S_AXI_AWADDR[15] in module axi_gpio_slave is either unconnected or has no load
WARNING: [Synth 8-7129] Port S_AXI_AWADDR[14] in module axi_gpio_slave is either unconnected or has no load
WARNING: [Synth 8-7129] Port S_AXI_AWADDR[13] in module axi_gpio_slave is either unconnected or has no load
WARNING: [Synth 8-7129] Port S_AXI_AWADDR[12] in module axi_gpio_slave is either unconnected or has no load
WARNING: [Synth 8-7129] Port S_AXI_AWADDR[11] in module axi_gpio_slave is either unconnected or has no load
WARNING: [Synth 8-7129] Port S_AXI_AWADDR[10] in module axi_gpio_slave is either unconnected or has no load
WARNING: [Synth 8-7129] Port S_AXI_AWADDR[9] in module axi_gpio_slave is either unconnected or has no load
WARNING: [Synth 8-7129] Port S_AXI_AWADDR[8] in module axi_gpio_slave is either unconnected or has no load
WARNING: [Synth 8-7129] Port S_AXI_AWADDR[7] in module axi_gpio_slave is either unconnected or has no load
WARNING: [Synth 8-7129] Port S_AXI_AWADDR[6] in module axi_gpio_slave is either unconnected or has no load
WARNING: [Synth 8-7129] Port S_AXI_AWADDR[5] in module axi_gpio_slave is either unconnected or has no load
WARNING: [Synth 8-7129] Port S_AXI_AWADDR[4] in module axi_gpio_slave is either unconnected or has no load
WARNING: [Synth 8-7129] Port S_AXI_AWADDR[3] in module axi_gpio_slave is either unconnected or has no load
WARNING: [Synth 8-7129] Port S_AXI_AWADDR[2] in module axi_gpio_slave is either unconnected or has no load
WARNING: [Synth 8-7129] Port S_AXI_AWADDR[1] in module axi_gpio_slave is either unconnected or has no load
WARNING: [Synth 8-7129] Port S_AXI_AWADDR[0] in module axi_gpio_slave is either unconnected or has no load
WARNING: [Synth 8-7129] Port S_AXI_ARADDR[31] in module axi_gpio_slave is either unconnected or has no load
WARNING: [Synth 8-7129] Port S_AXI_ARADDR[30] in module axi_gpio_slave is either unconnected or has no load
WARNING: [Synth 8-7129] Port S_AXI_ARADDR[29] in module axi_gpio_slave is either unconnected or has no load
WARNING: [Synth 8-7129] Port S_AXI_ARADDR[28] in module axi_gpio_slave is either unconnected or has no load
WARNING: [Synth 8-7129] Port S_AXI_ARADDR[27] in module axi_gpio_slave is either unconnected or has no load
WARNING: [Synth 8-7129] Port S_AXI_ARADDR[26] in module axi_gpio_slave is either unconnected or has no load
WARNING: [Synth 8-7129] Port S_AXI_ARADDR[25] in module axi_gpio_slave is either unconnected or has no load
WARNING: [Synth 8-7129] Port S_AXI_ARADDR[24] in module axi_gpio_slave is either unconnected or has no load
WARNING: [Synth 8-7129] Port S_AXI_ARADDR[23] in module axi_gpio_slave is either unconnected or has no load
INFO: [Common 17-14] Message 'Synth 8-7129' appears 100 times and further instances of the messages will be disabled. Use the Tcl command set_msg_config to change the current settings.
---------------------------------------------------------------------------------
Finished RTL Elaboration : Time (s): cpu = 00:00:07 ; elapsed = 00:00:09 . Memory (MB): peak = 1155.141 ; gain = 603.238
---------------------------------------------------------------------------------
---------------------------------------------------------------------------------
Start Handling Custom Attributes
---------------------------------------------------------------------------------
---------------------------------------------------------------------------------
Finished Handling Custom Attributes : Time (s): cpu = 00:00:07 ; elapsed = 00:00:09 . Memory (MB): peak = 1155.141 ; gain = 603.238
---------------------------------------------------------------------------------
---------------------------------------------------------------------------------
Finished RTL Optimization Phase 1 : Time (s): cpu = 00:00:07 ; elapsed = 00:00:09 . Memory (MB): peak = 1155.141 ; gain = 603.238
---------------------------------------------------------------------------------
Netlist sorting complete. Time (s): cpu = 00:00:00 ; elapsed = 00:00:00.028 . Memory (MB): peak = 1155.141 ; gain = 0.000
INFO: [Project 1-570] Preparing netlist for logic optimization

Processing XDC Constraints
Initializing timing engine
Parsing XDC File [c:/Users/bolan/Pictures/Laboratorio2/Camino1a/Vamos_PS1/Vamos_PS1.gen/sources_1/ip/clk_wiz_0/clk_wiz_0/clk_wiz_0_in_context.xdc] for cell 'clk_inst'
Finished Parsing XDC File [c:/Users/bolan/Pictures/Laboratorio2/Camino1a/Vamos_PS1/Vamos_PS1.gen/sources_1/ip/clk_wiz_0/clk_wiz_0/clk_wiz_0_in_context.xdc] for cell 'clk_inst'
Parsing XDC File [C:/Users/bolan/Pictures/Laboratorio2/Camino1a/Vamos_PS1/Vamos_PS1.srcs/constrs_1/new/Constraints.xdc]
CRITICAL WARNING: [Constraints 18-1056] Clock 'clk' completely overrides clock 'CLK100MHZ'.
New: create_clock -period 10.000 -name clk [get_ports CLK100MHZ], [C:/Users/bolan/Pictures/Laboratorio2/Camino1a/Vamos_PS1/Vamos_PS1.srcs/constrs_1/new/Constraints.xdc:4]
Previous: create_clock -period 10.000 [get_ports CLK100MHZ], [c:/Users/bolan/Pictures/Laboratorio2/Camino1a/Vamos_PS1/Vamos_PS1.gen/sources_1/ip/clk_wiz_0/clk_wiz_0/clk_wiz_0_in_context.xdc:1]
Resolution: Review the constraint files and remove the redundant clock definition(s). If the clock constraints are not saved in a file, you can first save the constraints to an XDC file and reload the design once the constraints have been corrected.
Finished Parsing XDC File [C:/Users/bolan/Pictures/Laboratorio2/Camino1a/Vamos_PS1/Vamos_PS1.srcs/constrs_1/new/Constraints.xdc]
INFO: [Project 1-236] Implementation specific constraints were found while reading constraint file [C:/Users/bolan/Pictures/Laboratorio2/Camino1a/Vamos_PS1/Vamos_PS1.srcs/constrs_1/new/Constraints.xdc]. These constraints will be ignored for synthesis but will be used in implementation. Impacted constraints are listed in the file [.Xil/top_microprocesador_propImpl.xdc].
Resolution: To avoid this warning, move constraints listed in [.Xil/top_microprocesador_propImpl.xdc] to another XDC file and exclude this new file from synthesis with the used_in_synthesis property (File Properties dialog in GUI) and re-run elaboration/synthesis.
Parsing XDC File [C:/Users/bolan/Pictures/Laboratorio2/Camino1a/Vamos_PS1/Vamos_PS1.runs/synth_1/dont_touch.xdc]
Finished Parsing XDC File [C:/Users/bolan/Pictures/Laboratorio2/Camino1a/Vamos_PS1/Vamos_PS1.runs/synth_1/dont_touch.xdc]
Completed Processing XDC Constraints

Netlist sorting complete. Time (s): cpu = 00:00:00 ; elapsed = 00:00:00 . Memory (MB): peak = 1245.316 ; gain = 0.000
INFO: [Project 1-111] Unisim Transformation Summary:
No Unisim elements were transformed.

Constraint Validation Runtime : Time (s): cpu = 00:00:00 ; elapsed = 00:00:00.022 . Memory (MB): peak = 1245.316 ; gain = 0.000
INFO: [Designutils 20-5440] No compile time benefit to using incremental synthesis; A full resynthesis will be run
INFO: [Designutils 20-4379] Flow is switching to default flow due to incremental criteria not met. If you would like to alter this behaviour and have the flow terminate instead, please set the following parameter config_implementation {autoIncr.Synth.RejectBehavior Terminate}
---------------------------------------------------------------------------------
Finished Constraint Validation : Time (s): cpu = 00:00:14 ; elapsed = 00:00:18 . Memory (MB): peak = 1245.316 ; gain = 693.414
---------------------------------------------------------------------------------
---------------------------------------------------------------------------------
Start Loading Part and Timing Information
---------------------------------------------------------------------------------
Loading part: xc7a100tcsg324-1
---------------------------------------------------------------------------------
Finished Loading Part and Timing Information : Time (s): cpu = 00:00:14 ; elapsed = 00:00:18 . Memory (MB): peak = 1245.316 ; gain = 693.414
---------------------------------------------------------------------------------
---------------------------------------------------------------------------------
Start Applying 'set_property' XDC Constraints
---------------------------------------------------------------------------------
Applied set_property IO_BUFFER_TYPE = NONE for CLK100MHZ. (constraint file  c:/Users/bolan/Pictures/Laboratorio2/Camino1a/Vamos_PS1/Vamos_PS1.gen/sources_1/ip/clk_wiz_0/clk_wiz_0/clk_wiz_0_in_context.xdc, line 3).
Applied set_property CLOCK_BUFFER_TYPE = NONE for CLK100MHZ. (constraint file  c:/Users/bolan/Pictures/Laboratorio2/Camino1a/Vamos_PS1/Vamos_PS1.gen/sources_1/ip/clk_wiz_0/clk_wiz_0/clk_wiz_0_in_context.xdc, line 4).
Applied set_property KEEP_HIERARCHY = SOFT for clk_inst. (constraint file  auto generated constraint).
---------------------------------------------------------------------------------
Finished applying 'set_property' XDC Constraints : Time (s): cpu = 00:00:14 ; elapsed = 00:00:18 . Memory (MB): peak = 1245.316 ; gain = 693.414
---------------------------------------------------------------------------------
INFO: [Synth 8-802] inferred FSM for state register 'mem_state_reg' in module 'picorv32'
INFO: [Synth 8-802] inferred FSM for state register 'state_reg' in module 'axi_bridge'
INFO: [Synth 8-802] inferred FSM for state register 'curr_state_reg' in module 'uart_tx'
INFO: [Synth 8-802] inferred FSM for state register 'curr_state_reg' in module 'uart_rx'
INFO: [Synth 8-802] inferred FSM for state register 'state_reg' in module 'spi_adxl362'
---------------------------------------------------------------------------------------------------
                   State |                     New Encoding |                Previous Encoding 
---------------------------------------------------------------------------------------------------
                 iSTATE2 |                               00 |                               00
                 iSTATE0 |                               01 |                               10
                  iSTATE |                               10 |                               01
                 iSTATE1 |                               11 |                               11
---------------------------------------------------------------------------------------------------
INFO: [Synth 8-3354] encoded FSM with state register 'mem_state_reg' using encoding 'sequential' in module 'picorv32'
---------------------------------------------------------------------------------------------------
                   State |                     New Encoding |                Previous Encoding 
---------------------------------------------------------------------------------------------------
                 ST_IDLE |                              000 |                              000
                ST_WRITE |                              001 |                              001
                ST_WRESP |                              010 |                              010
                 ST_READ |                              011 |                              011
                ST_RRESP |                              100 |                              100
---------------------------------------------------------------------------------------------------
INFO: [Synth 8-3354] encoded FSM with state register 'state_reg' using encoding 'sequential' in module 'axi_bridge'
---------------------------------------------------------------------------------------------------
                   State |                     New Encoding |                Previous Encoding 
---------------------------------------------------------------------------------------------------
                   RESET |                           000001 |                              000
                    WAIT |                           000010 |                              001
                   START |                           000100 |                              010
                    DATA |                           001000 |                              011
                    STOP |                           010000 |                              101
                    DONE |                           100000 |                              110
---------------------------------------------------------------------------------------------------
INFO: [Synth 8-3354] encoded FSM with state register 'curr_state_reg' using encoding 'one-hot' in module 'uart_tx'
---------------------------------------------------------------------------------------------------
                   State |                     New Encoding |                Previous Encoding 
---------------------------------------------------------------------------------------------------
                   RESET |                          0000001 |                              000
                    WAIT |                          0000010 |                              001
                   START |                          0000100 |                              010
                    LOAD |                          0001000 |                              011
                    STOP |                          0010000 |                              101
                   READY |                          0100000 |                              110
                   ERROR |                          1000000 |                              111
---------------------------------------------------------------------------------------------------
INFO: [Synth 8-3354] encoded FSM with state register 'curr_state_reg' using encoding 'one-hot' in module 'uart_rx'
---------------------------------------------------------------------------------------------------
                   State |                     New Encoding |                Previous Encoding 
---------------------------------------------------------------------------------------------------
            ST_INIT_WAIT |                              000 |                             0000
           ST_INIT_START |                              001 |                             0001
           ST_INIT_SHIFT |                              010 |                             0010
                 ST_IDLE |                              011 |                             0011
           ST_READ_START |                              100 |                             0100
           ST_READ_SHIFT |                              101 |                             0101
            ST_READ_DONE |                              110 |                             0110
---------------------------------------------------------------------------------------------------
INFO: [Synth 8-3354] encoded FSM with state register 'state_reg' using encoding 'sequential' in module 'spi_adxl362'
---------------------------------------------------------------------------------
Finished RTL Optimization Phase 2 : Time (s): cpu = 00:00:15 ; elapsed = 00:00:19 . Memory (MB): peak = 1245.316 ; gain = 693.414
---------------------------------------------------------------------------------
---------------------------------------------------------------------------------
Start RTL Component Statistics 
---------------------------------------------------------------------------------
Detailed RTL Component Info : 
+---Adders : 
	   2 Input   32 Bit       Adders := 6     
	   3 Input   32 Bit       Adders := 1     
	   2 Input   16 Bit       Adders := 2     
	   2 Input   14 Bit       Adders := 1     
	   2 Input    5 Bit       Adders := 1     
	   2 Input    4 Bit       Adders := 5     
	   2 Input    3 Bit       Adders := 3     
+---XORs : 
	   2 Input     32 Bit         XORs := 1     
+---Registers : 
	               36 Bit    Registers := 1     
	               32 Bit    Registers := 24    
	               16 Bit    Registers := 5     
	               14 Bit    Registers := 1     
	                8 Bit    Registers := 13    
	                5 Bit    Registers := 6     
	                4 Bit    Registers := 8     
	                3 Bit    Registers := 4     
	                2 Bit    Registers := 5     
	                1 Bit    Registers := 117   
+---RAMs : 
	              64K Bit	(2048 X 32 bit)          RAMs := 1     
	             1024 Bit	(32 X 32 bit)          RAMs := 1     
+---Muxes : 
	   2 Input   32 Bit        Muxes := 37    
	   6 Input   32 Bit        Muxes := 1     
	   5 Input   32 Bit        Muxes := 1     
	   4 Input   32 Bit        Muxes := 5     
	   3 Input   32 Bit        Muxes := 2     
	   2 Input   16 Bit        Muxes := 1     
	   7 Input   16 Bit        Muxes := 1     
	   2 Input   14 Bit        Muxes := 1     
	   4 Input    8 Bit        Muxes := 2     
	   7 Input    8 Bit        Muxes := 3     
	   2 Input    8 Bit        Muxes := 8     
	   7 Input    7 Bit        Muxes := 1     
	   2 Input    7 Bit        Muxes := 6     
	   6 Input    6 Bit        Muxes := 1     
	   2 Input    6 Bit        Muxes := 5     
	   5 Input    4 Bit        Muxes := 1     
	   2 Input    4 Bit        Muxes := 2     
	   4 Input    4 Bit        Muxes := 1     
	   3 Input    4 Bit        Muxes := 1     
	   7 Input    4 Bit        Muxes := 1     
	   2 Input    3 Bit        Muxes := 9     
	   5 Input    3 Bit        Muxes := 1     
	   6 Input    3 Bit        Muxes := 4     
	   3 Input    3 Bit        Muxes := 1     
	   7 Input    3 Bit        Muxes := 3     
	   4 Input    2 Bit        Muxes := 1     
	   2 Input    2 Bit        Muxes := 4     
	   3 Input    2 Bit        Muxes := 1     
	   2 Input    1 Bit        Muxes := 91    
	   7 Input    1 Bit        Muxes := 33    
	   3 Input    1 Bit        Muxes := 3     
	   4 Input    1 Bit        Muxes := 12    
	   5 Input    1 Bit        Muxes := 26    
	   8 Input    1 Bit        Muxes := 10    
---------------------------------------------------------------------------------
Finished RTL Component Statistics 
---------------------------------------------------------------------------------
---------------------------------------------------------------------------------
Start Part Resource Summary
---------------------------------------------------------------------------------
Part Resources:
DSPs: 240 (col length:80)
BRAMs: 270 (col length: RAMB18 80 RAMB36 40)
---------------------------------------------------------------------------------
Finished Part Resource Summary
---------------------------------------------------------------------------------
---------------------------------------------------------------------------------
Start Cross Boundary and Area Optimization
---------------------------------------------------------------------------------
WARNING: [Synth 8-7080] Parallel synthesis criteria is not met
---------------------------------------------------------------------------------
Finished Cross Boundary and Area Optimization : Time (s): cpu = 00:00:30 ; elapsed = 00:00:34 . Memory (MB): peak = 1309.172 ; gain = 757.270
---------------------------------------------------------------------------------
---------------------------------------------------------------------------------
Start ROM, RAM, DSP, Shift Register and Retiming Reporting
---------------------------------------------------------------------------------

ROM: Preliminary Mapping Report
+--------------------+------------+---------------+----------------+
|Module Name         | RTL Object | Depth x Width | Implemented As | 
+--------------------+------------+---------------+----------------+
|top_microprocesador | rom_mem    | 512x32        | LUT            | 
|top_microprocesador | p_0_out    | 512x32        | LUT            | 
+--------------------+------------+---------------+----------------+


Block RAM: Preliminary Mapping Report (see note below)
+--------------------+-------------+------------------------+---+---+------------------------+---+---+------------------+--------+--------+
|Module Name         | RTL Object  | PORT A (Depth x Width) | W | R | PORT B (Depth x Width) | W | R | Ports driving FF | RAMB18 | RAMB36 | 
+--------------------+-------------+------------------------+---+---+------------------------+---+---+------------------+--------+--------+
|top_microprocesador | ram_mem_reg | 2 K x 32(READ_FIRST)   | W |   | 2 K x 32(WRITE_FIRST)  |   | R | Port A and B     | 0      | 2      | 
+--------------------+-------------+------------------------+---+---+------------------------+---+---+------------------+--------+--------+

Note: The table above is a preliminary report that shows the Block RAMs at the current stage of the synthesis flow. Some Block RAMs may be reimplemented as non Block RAM primitives later in the synthesis flow. Multiple instantiated Block RAMs are reported only once. 

Distributed RAM: Preliminary Mapping Report (see note below)
+----------------+---------------------------------------+-----------+----------------------+--------------+
|Module Name     | RTL Object                            | Inference | Size (Depth x Width) | Primitives   | 
+----------------+---------------------------------------+-----------+----------------------+--------------+
|cpu             | cpuregs_reg                           | Implied   | 32 x 32              | RAM32M x 12  | 
|uart_slave_inst | uart_inst/fifo_tx/fifo_mem/memory_reg | Implied   | 8 x 8                | RAM32M x 2   | 
|uart_slave_inst | uart_inst/fifo_rx/fifo_mem/memory_reg | Implied   | 8 x 8                | RAM32M x 2   | 
+----------------+---------------------------------------+-----------+----------------------+--------------+

Note: The table above is a preliminary report that shows the Distributed RAMs at the current stage of the synthesis flow. Some Distributed RAMs may be reimplemented as non Distributed RAM primitives later in the synthesis flow. Multiple instantiated RAMs are reported only once.
---------------------------------------------------------------------------------
Finished ROM, RAM, DSP, Shift Register and Retiming Reporting
---------------------------------------------------------------------------------
---------------------------------------------------------------------------------
Start Applying XDC Timing Constraints
---------------------------------------------------------------------------------
---------------------------------------------------------------------------------
Finished Applying XDC Timing Constraints : Time (s): cpu = 00:00:34 ; elapsed = 00:00:39 . Memory (MB): peak = 1371.988 ; gain = 820.086
---------------------------------------------------------------------------------
---------------------------------------------------------------------------------
Start Timing Optimization
---------------------------------------------------------------------------------
---------------------------------------------------------------------------------
Finished Timing Optimization : Time (s): cpu = 00:00:37 ; elapsed = 00:00:43 . Memory (MB): peak = 1442.086 ; gain = 890.184
---------------------------------------------------------------------------------
---------------------------------------------------------------------------------
Start ROM, RAM, DSP, Shift Register and Retiming Reporting
---------------------------------------------------------------------------------

Block RAM: Final Mapping Report
+--------------------+-------------+------------------------+---+---+------------------------+---+---+------------------+--------+--------+
|Module Name         | RTL Object  | PORT A (Depth x Width) | W | R | PORT B (Depth x Width) | W | R | Ports driving FF | RAMB18 | RAMB36 | 
+--------------------+-------------+------------------------+---+---+------------------------+---+---+------------------+--------+--------+
|top_microprocesador | ram_mem_reg | 2 K x 32(READ_FIRST)   | W |   | 2 K x 32(WRITE_FIRST)  |   | R | Port A and B     | 0      | 2      | 
+--------------------+-------------+------------------------+---+---+------------------------+---+---+------------------+--------+--------+


Distributed RAM: Final Mapping Report
+----------------+---------------------------------------+-----------+----------------------+--------------+
|Module Name     | RTL Object                            | Inference | Size (Depth x Width) | Primitives   | 
+----------------+---------------------------------------+-----------+----------------------+--------------+
|cpu             | cpuregs_reg                           | Implied   | 32 x 32              | RAM32M x 12  | 
|uart_slave_inst | uart_inst/fifo_tx/fifo_mem/memory_reg | Implied   | 8 x 8                | RAM32M x 2   | 
|uart_slave_inst | uart_inst/fifo_rx/fifo_mem/memory_reg | Implied   | 8 x 8                | RAM32M x 2   | 
+----------------+---------------------------------------+-----------+----------------------+--------------+

---------------------------------------------------------------------------------
Finished ROM, RAM, DSP, Shift Register and Retiming Reporting
---------------------------------------------------------------------------------
---------------------------------------------------------------------------------
Start Technology Mapping
---------------------------------------------------------------------------------
INFO: [Synth 8-7052] The timing for the instance ram_mem_reg_0 (implemented as a Block RAM) might be sub-optimal as no optional output register could be merged into the ram block. Providing additional output register may help in improving timing.
INFO: [Synth 8-7052] The timing for the instance ram_mem_reg_1 (implemented as a Block RAM) might be sub-optimal as no optional output register could be merged into the ram block. Providing additional output register may help in improving timing.
---------------------------------------------------------------------------------
Finished Technology Mapping : Time (s): cpu = 00:00:38 ; elapsed = 00:00:43 . Memory (MB): peak = 1460.160 ; gain = 908.258
---------------------------------------------------------------------------------
---------------------------------------------------------------------------------
Start IO Insertion
---------------------------------------------------------------------------------
---------------------------------------------------------------------------------
Start Flattening Before IO Insertion
---------------------------------------------------------------------------------
---------------------------------------------------------------------------------
Finished Flattening Before IO Insertion
---------------------------------------------------------------------------------
---------------------------------------------------------------------------------
Start Final Netlist Cleanup
---------------------------------------------------------------------------------
---------------------------------------------------------------------------------
Finished Final Netlist Cleanup
---------------------------------------------------------------------------------
---------------------------------------------------------------------------------
Finished IO Insertion : Time (s): cpu = 00:00:42 ; elapsed = 00:00:47 . Memory (MB): peak = 1619.176 ; gain = 1067.273
---------------------------------------------------------------------------------
---------------------------------------------------------------------------------
Start Renaming Generated Instances
---------------------------------------------------------------------------------
---------------------------------------------------------------------------------
Finished Renaming Generated Instances : Time (s): cpu = 00:00:42 ; elapsed = 00:00:47 . Memory (MB): peak = 1619.176 ; gain = 1067.273
---------------------------------------------------------------------------------
---------------------------------------------------------------------------------
Start Rebuilding User Hierarchy
---------------------------------------------------------------------------------
---------------------------------------------------------------------------------
Finished Rebuilding User Hierarchy : Time (s): cpu = 00:00:42 ; elapsed = 00:00:47 . Memory (MB): peak = 1619.176 ; gain = 1067.273
---------------------------------------------------------------------------------
---------------------------------------------------------------------------------
Start Renaming Generated Ports
---------------------------------------------------------------------------------
---------------------------------------------------------------------------------
Finished Renaming Generated Ports : Time (s): cpu = 00:00:42 ; elapsed = 00:00:47 . Memory (MB): peak = 1619.176 ; gain = 1067.273
---------------------------------------------------------------------------------
---------------------------------------------------------------------------------
Start Handling Custom Attributes
---------------------------------------------------------------------------------
---------------------------------------------------------------------------------
Finished Handling Custom Attributes : Time (s): cpu = 00:00:42 ; elapsed = 00:00:47 . Memory (MB): peak = 1621.129 ; gain = 1069.227
---------------------------------------------------------------------------------
---------------------------------------------------------------------------------
Start Renaming Generated Nets
---------------------------------------------------------------------------------
---------------------------------------------------------------------------------
Finished Renaming Generated Nets : Time (s): cpu = 00:00:42 ; elapsed = 00:00:47 . Memory (MB): peak = 1621.129 ; gain = 1069.227
---------------------------------------------------------------------------------
---------------------------------------------------------------------------------
Start Writing Synthesis Report
---------------------------------------------------------------------------------

Report BlackBoxes: 
+------+--------------+----------+
|      |BlackBox name |Instances |
+------+--------------+----------+
|1     |clk_wiz_0     |         1|
+------+--------------+----------+

Report Cell Usage: 
+------+---------+------+
|      |Cell     |Count |
+------+---------+------+
|1     |clk_wiz  |     1|
|2     |CARRY4   |    99|
|3     |LUT1     |    10|
|4     |LUT2     |   143|
|5     |LUT3     |   192|
|6     |LUT4     |   379|
|7     |LUT5     |   258|
|8     |LUT6     |   717|
|9     |MUXF7    |    65|
|10    |MUXF8    |     5|
|11    |RAM32M   |    12|
|12    |RAM32X1D |     8|
|13    |RAMB36E1 |     2|
|14    |FDCE     |   303|
|15    |FDPE     |     7|
|16    |FDRE     |   701|
|17    |FDSE     |    43|
|18    |IBUF     |     3|
|19    |OBUF     |    20|
+------+---------+------+
---------------------------------------------------------------------------------
Finished Writing Synthesis Report : Time (s): cpu = 00:00:42 ; elapsed = 00:00:47 . Memory (MB): peak = 1621.129 ; gain = 1069.227
---------------------------------------------------------------------------------
Synthesis finished with 0 errors, 0 critical warnings and 199 warnings.
Synthesis Optimization Runtime : Time (s): cpu = 00:00:33 ; elapsed = 00:00:45 . Memory (MB): peak = 1621.129 ; gain = 979.051
Synthesis Optimization Complete : Time (s): cpu = 00:00:42 ; elapsed = 00:00:48 . Memory (MB): peak = 1621.129 ; gain = 1069.227
INFO: [Project 1-571] Translating synthesized netlist
Netlist sorting complete. Time (s): cpu = 00:00:00 ; elapsed = 00:00:00.018 . Memory (MB): peak = 1630.340 ; gain = 0.000
INFO: [Netlist 29-17] Analyzing 191 Unisim elements for replacement
INFO: [Netlist 29-28] Unisim Transformation completed in 0 CPU seconds
INFO: [Project 1-570] Preparing netlist for logic optimization
INFO: [Opt 31-138] Pushed 0 inverter(s) to 0 load pin(s).
Netlist sorting complete. Time (s): cpu = 00:00:00 ; elapsed = 00:00:00.001 . Memory (MB): peak = 1634.031 ; gain = 0.000
INFO: [Project 1-111] Unisim Transformation Summary:
  A total of 20 instances were transformed.
  RAM32M => RAM32M (RAMD32(x6), RAMS32(x2)): 12 instances
  RAM32X1D => RAM32X1D (RAMD32(x2)): 8 instances

Synth Design complete | Checksum: 641dbe12
INFO: [Common 17-83] Releasing license: Synthesis
69 Infos, 178 Warnings, 1 Critical Warnings and 0 Errors encountered.
synth_design completed successfully
synth_design: Time (s): cpu = 00:00:47 ; elapsed = 00:00:59 . Memory (MB): peak = 1634.031 ; gain = 1288.875
INFO: [runtcl-6] Synthesis results are not added to the cache due to CRITICAL_WARNING
Write ShapeDB Complete: Time (s): cpu = 00:00:00 ; elapsed = 00:00:00.008 . Memory (MB): peak = 1634.031 ; gain = 0.000
INFO: [Common 17-1381] The checkpoint 'C:/Users/bolan/Pictures/Laboratorio2/Camino1a/Vamos_PS1/Vamos_PS1.runs/synth_1/top_microprocesador.dcp' has been generated.
INFO: [Vivado 12-24828] Executing command : report_utilization -file top_microprocesador_utilization_synth.rpt -pb top_microprocesador_utilization_synth.pb
INFO: [Common 17-206] Exiting Vivado at Sat Jun  6 22:37:45 2026...
