Copyright 1986-2022 Xilinx, Inc. All Rights Reserved. Copyright 2022-2024 Advanced Micro Devices, Inc. All Rights Reserved.
-----------------------------------------------------------------------------------------------------------------------------------------------------------------------------------------------
| Tool Version : Vivado v.2024.2 (win64) Build 5239630 Fri Nov 08 22:35:27 MST 2024
| Date         : Sat Jun  6 22:39:06 2026
| Host         : Darkar13012 running 64-bit major release  (build 9200)
| Command      : report_methodology -file top_microprocesador_methodology_drc_routed.rpt -pb top_microprocesador_methodology_drc_routed.pb -rpx top_microprocesador_methodology_drc_routed.rpx
| Design       : top_microprocesador
| Device       : xc7a100tcsg324-1
| Speed File   : -1
| Design State : Fully Routed
-----------------------------------------------------------------------------------------------------------------------------------------------------------------------------------------------

Report Methodology

Table of Contents
-----------------
1. REPORT SUMMARY
2. REPORT DETAILS

1. REPORT SUMMARY
-----------------
            Netlist: netlist
          Floorplan: design_1
      Design limits: <entire design considered>
             Max checks: <unlimited>
             Checks found: 25
+-----------+----------+--------------------------------------------------------+--------+
| Rule      | Severity | Description                                            | Checks |
+-----------+----------+--------------------------------------------------------+--------+
| SYNTH-6   | Warning  | Timing of a RAM block might be sub-optimal             | 2      |
| TIMING-18 | Warning  | Missing input or output delay                          | 22     |
| XDCC-7    | Warning  | Scoped Clock constraint overwritten on the same source | 1      |
+-----------+----------+--------------------------------------------------------+--------+

2. REPORT DETAILS
-----------------
SYNTH-6#1 Warning
Timing of a RAM block might be sub-optimal  
The timing for the instance ram_mem_reg_0, implemented as a RAM block, might be sub-optimal as no output register was merged into the block.
Related violations: <none>

SYNTH-6#2 Warning
Timing of a RAM block might be sub-optimal  
The timing for the instance ram_mem_reg_1, implemented as a RAM block, might be sub-optimal as no output register was merged into the block.
Related violations: <none>

TIMING-18#1 Warning
Missing input or output delay  
An input delay is missing on acl_miso relative to the rising and/or falling clock edge(s) of clk.
Related violations: <none>

TIMING-18#2 Warning
Missing input or output delay  
An input delay is missing on uart_rx relative to the rising and/or falling clock edge(s) of clk.
Related violations: <none>

TIMING-18#3 Warning
Missing input or output delay  
An output delay is missing on acl_csn relative to the rising and/or falling clock edge(s) of clk.
Related violations: <none>

TIMING-18#4 Warning
Missing input or output delay  
An output delay is missing on acl_mosi relative to the rising and/or falling clock edge(s) of clk.
Related violations: <none>

TIMING-18#5 Warning
Missing input or output delay  
An output delay is missing on acl_sclk relative to the rising and/or falling clock edge(s) of clk.
Related violations: <none>

TIMING-18#6 Warning
Missing input or output delay  
An output delay is missing on leds[0] relative to the rising and/or falling clock edge(s) of clk.
Related violations: <none>

TIMING-18#7 Warning
Missing input or output delay  
An output delay is missing on leds[10] relative to the rising and/or falling clock edge(s) of clk.
Related violations: <none>

TIMING-18#8 Warning
Missing input or output delay  
An output delay is missing on leds[11] relative to the rising and/or falling clock edge(s) of clk.
Related violations: <none>

TIMING-18#9 Warning
Missing input or output delay  
An output delay is missing on leds[12] relative to the rising and/or falling clock edge(s) of clk.
Related violations: <none>

TIMING-18#10 Warning
Missing input or output delay  
An output delay is missing on leds[13] relative to the rising and/or falling clock edge(s) of clk.
Related violations: <none>

TIMING-18#11 Warning
Missing input or output delay  
An output delay is missing on leds[14] relative to the rising and/or falling clock edge(s) of clk.
Related violations: <none>

TIMING-18#12 Warning
Missing input or output delay  
An output delay is missing on leds[15] relative to the rising and/or falling clock edge(s) of clk.
Related violations: <none>

TIMING-18#13 Warning
Missing input or output delay  
An output delay is missing on leds[1] relative to the rising and/or falling clock edge(s) of clk.
Related violations: <none>

TIMING-18#14 Warning
Missing input or output delay  
An output delay is missing on leds[2] relative to the rising and/or falling clock edge(s) of clk.
Related violations: <none>

TIMING-18#15 Warning
Missing input or output delay  
An output delay is missing on leds[3] relative to the rising and/or falling clock edge(s) of clk.
Related violations: <none>

TIMING-18#16 Warning
Missing input or output delay  
An output delay is missing on leds[4] relative to the rising and/or falling clock edge(s) of clk.
Related violations: <none>

TIMING-18#17 Warning
Missing input or output delay  
An output delay is missing on leds[5] relative to the rising and/or falling clock edge(s) of clk.
Related violations: <none>

TIMING-18#18 Warning
Missing input or output delay  
An output delay is missing on leds[6] relative to the rising and/or falling clock edge(s) of clk.
Related violations: <none>

TIMING-18#19 Warning
Missing input or output delay  
An output delay is missing on leds[7] relative to the rising and/or falling clock edge(s) of clk.
Related violations: <none>

TIMING-18#20 Warning
Missing input or output delay  
An output delay is missing on leds[8] relative to the rising and/or falling clock edge(s) of clk.
Related violations: <none>

TIMING-18#21 Warning
Missing input or output delay  
An output delay is missing on leds[9] relative to the rising and/or falling clock edge(s) of clk.
Related violations: <none>

TIMING-18#22 Warning
Missing input or output delay  
An output delay is missing on uart_tx relative to the rising and/or falling clock edge(s) of clk.
Related violations: <none>

XDCC-7#1 Warning
Scoped Clock constraint overwritten on the same source  
A new clock constraint create_clock overrides a previous scoped clock constraint defined on the same source. It is not recommended to override a scoped (typically an IP) clock constraint and could result in unexpected behaviors.
New: create_clock -period 10.000 -name clk [get_ports CLK100MHZ] (Source: C:/Users/bolan/Pictures/Laboratorio2/Camino1a/Vamos_PS1/Vamos_PS1.srcs/constrs_1/new/Constraints.xdc (Line: 4))
Previous: create_clock -period 10.000 [get_ports CLK100MHZ] (Source: c:/Users/bolan/Pictures/Laboratorio2/Camino1a/Vamos_PS1/Vamos_PS1.gen/sources_1/ip/clk_wiz_0/clk_wiz_0.xdc (Line: 53))
Related violations: <none>


