Copyright 1986-2022 Xilinx, Inc. All Rights Reserved. Copyright 2022-2024 Advanced Micro Devices, Inc. All Rights Reserved.
---------------------------------------------------------------------------------------------------------------------------------------------
| Tool Version : Vivado v.2024.2 (win64) Build 5239630 Fri Nov 08 22:35:27 MST 2024
| Date         : Sat Jun  6 22:38:28 2026
| Host         : Darkar13012 running 64-bit major release  (build 9200)
| Command      : report_control_sets -verbose -file top_microprocesador_control_sets_placed.rpt
| Design       : top_microprocesador
| Device       : xc7a100t
---------------------------------------------------------------------------------------------------------------------------------------------

Control Set Information

Table of Contents
-----------------
1. Summary
2. Histogram
3. Flip-Flop Distribution
4. Detailed Control Set Information

1. Summary
----------

+----------------------------------------------------------+-------+
|                          Status                          | Count |
+----------------------------------------------------------+-------+
| Total control sets                                       |    53 |
|    Minimum number of control sets                        |    53 |
|    Addition due to synthesis replication                 |     0 |
|    Addition due to physical synthesis replication        |     0 |
| Unused register locations in slices containing registers |   106 |
+----------------------------------------------------------+-------+
* Control sets can be merged at opt_design using control_set_merge or merge_equivalent_drivers
** Run report_qor_suggestions for automated merging and remapping suggestions


2. Histogram
------------

+--------------------+-------+
|       Fanout       | Count |
+--------------------+-------+
| Total control sets |    53 |
| >= 0 to < 4        |     4 |
| >= 4 to < 6        |     8 |
| >= 6 to < 8        |     2 |
| >= 8 to < 10       |    12 |
| >= 10 to < 12      |     0 |
| >= 12 to < 14      |     3 |
| >= 14 to < 16      |     1 |
| >= 16              |    23 |
+--------------------+-------+
* Control sets can be remapped at either synth_design or opt_design


3. Flip-Flop Distribution
-------------------------

+--------------+-----------------------+------------------------+-----------------+--------------+
| Clock Enable | Synchronous Set/Reset | Asynchronous Set/Reset | Total Registers | Total Slices |
+--------------+-----------------------+------------------------+-----------------+--------------+
| No           | No                    | No                     |              64 |           34 |
| No           | No                    | Yes                    |              69 |           29 |
| No           | Yes                   | No                     |             140 |           51 |
| Yes          | No                    | No                     |             219 |           78 |
| Yes          | No                    | Yes                    |             257 |           71 |
| Yes          | Yes                   | No                     |             321 |          101 |
+--------------+-----------------------+------------------------+-----------------+--------------+


4. Detailed Control Set Information
-----------------------------------

+-------------------------+---------------------------------------------------------------------+----------------------------------------------------------+------------------+----------------+--------------+
|       Clock Signal      |                            Enable Signal                            |                     Set/Reset Signal                     | Slice Load Count | Bel Load Count | Bels / Slice |
+-------------------------+---------------------------------------------------------------------+----------------------------------------------------------+------------------+----------------+--------------+
|  clk_inst/inst/clk_out1 | spi_inst/rx5                                                        | cpu/sys_reset                                            |                1 |              1 |         1.00 |
|  clk_inst/inst/clk_out1 | spi_inst/rx7                                                        | cpu/sys_reset                                            |                1 |              1 |         1.00 |
|  clk_inst/inst/clk_out1 | spi_inst/rx3                                                        | cpu/sys_reset                                            |                1 |              1 |         1.00 |
|  clk_inst/inst/clk_out1 | spi_inst/spi_cs_n_i_1_n_0                                           | cpu/sys_reset                                            |                1 |              1 |         1.00 |
|  clk_inst/inst/clk_out1 | uart_slave_inst/uart_inst/uart_tx/FSM_onehot_curr_state_reg[3]_0[0] | cpu/sys_reset                                            |                1 |              4 |         4.00 |
|  clk_inst/inst/clk_out1 | uart_slave_inst/uart_tx_req                                         | cpu/sys_reset                                            |                1 |              4 |         4.00 |
|  clk_inst/inst/clk_out1 | uart_slave_inst/uart_inst/uart_rx/E[0]                              | cpu/sys_reset                                            |                1 |              4 |         4.00 |
|  clk_inst/inst/clk_out1 | spi_inst/byte_cnt[3]_i_1_n_0                                        | cpu/sys_reset                                            |                1 |              4 |         4.00 |
|  clk_inst/inst/clk_out1 | cpu/mem_addr[31]_i_1_n_0                                            | cpu/mem_wstrb[3]_i_1_n_0                                 |                1 |              4 |         4.00 |
|  clk_inst/inst/clk_out1 | uart_slave_inst/uart_rx_req                                         | cpu/sys_reset                                            |                1 |              4 |         4.00 |
|  clk_inst/inst/clk_out1 | cpu/mem_rdata_q[26]_i_1_n_0                                         | cpu/mem_rdata_q[31]_i_1_n_0                              |                1 |              5 |         5.00 |
|  clk_inst/inst/clk_out1 | cpu/latched_rd[4]_i_1_n_0                                           | cpu/sys_reset                                            |                2 |              5 |         2.50 |
|  clk_inst/inst/clk_out1 | cpu/cpu_state[7]_i_2_n_0                                            | cpu/cpu_state[7]_i_1_n_0                                 |                3 |              7 |         2.33 |
|  clk_inst/inst/clk_out1 | spi_inst/rx_shift[6]_i_1_n_0                                        | cpu/sys_reset                                            |                1 |              7 |         7.00 |
|  clk_inst/inst/clk_out1 | axi_bridge_inst/S_AXI_BVALID_reg[3]                                 | cpu/sys_reset                                            |                2 |              8 |         4.00 |
|  clk_inst/inst/clk_out1 | spi_inst/rx2                                                        | cpu/sys_reset                                            |                1 |              8 |         8.00 |
|  clk_inst/inst/clk_out1 | spi_inst/rx6                                                        | cpu/sys_reset                                            |                2 |              8 |         4.00 |
|  clk_inst/inst/clk_out1 | axi_bridge_inst/S_AXI_BVALID_reg[2]                                 | cpu/sys_reset                                            |                3 |              8 |         2.67 |
|  clk_inst/inst/clk_out1 | spi_inst/tx_shift[6]_i_1_n_0                                        | cpu/sys_reset                                            |                3 |              8 |         2.67 |
|  clk_inst/inst/clk_out1 | spi_inst/rx4                                                        | cpu/sys_reset                                            |                3 |              8 |         2.67 |
|  clk_inst/inst/clk_out1 | axi_bridge_inst/uart_arvalid_reg_0[0]                               | cpu/sys_reset                                            |                2 |              8 |         4.00 |
|  clk_inst/inst/clk_out1 | axi_bridge_inst/uart_awaddr_reg[3]_1[0]                             | cpu/sys_reset                                            |                1 |              8 |         8.00 |
|  clk_inst/inst/clk_out1 | axi_bridge_inst/uart_wstrb_reg[0]_0[0]                              | cpu/sys_reset                                            |                1 |              8 |         8.00 |
|  clk_inst/inst/clk_out1 | uart_slave_inst/uart_inst/fifo_tx/fifo_ctrl/tx_start_reg[0]         | cpu/sys_reset                                            |                1 |              8 |         8.00 |
|  clk_inst/inst/clk_out1 | uart_slave_inst/uart_inst/uart_rx/o_rx_data0                        | cpu/sys_reset                                            |                3 |              8 |         2.67 |
|  clk_inst/inst/clk_out1 | cpu/is_lui_auipc_jal_jalr_addi_add_sub0                             | cpu/decoded_imm[19]_i_1_n_0                              |                4 |              8 |         2.00 |
|  clk_inst/inst/clk_out1 | cpu/is_lui_auipc_jal_jalr_addi_add_sub0                             | cpu/decoded_imm[31]_i_1_n_0                              |                6 |             12 |         2.00 |
|  clk_inst/inst/clk_out1 | uart_slave_inst/uart_inst/uart_rx/E[0]                              |                                                          |                2 |             12 |         6.00 |
|  clk_inst/inst/clk_out1 | uart_slave_inst/uart_tx_req                                         |                                                          |                2 |             12 |         6.00 |
|  clk_inst/inst/clk_out1 |                                                                     | uart_slave_inst/uart_inst/uart_rx/clk_counter[0]_i_1_n_0 |                4 |             14 |         3.50 |
|  clk_inst/inst/clk_out1 | axi_bridge_inst/S_AXI_BVALID_reg[0]                                 | cpu/sys_reset                                            |                4 |             16 |         4.00 |
|  clk_inst/inst/clk_out1 | axi_bridge_inst/S_AXI_BVALID_reg[1]                                 | cpu/sys_reset                                            |                7 |             16 |         2.29 |
|  clk_inst/inst/clk_out1 | spi_inst/div_cnt[15]_i_1_n_0                                        | cpu/sys_reset                                            |               10 |             16 |         1.60 |
|  clk_inst/inst/clk_out1 | spi_inst/init_wait[15]_i_1_n_0                                      | cpu/sys_reset                                            |                4 |             16 |         4.00 |
|  clk_inst/inst/clk_out1 | cpu/mem_rdata_q[26]_i_1_n_0                                         |                                                          |                7 |             17 |         2.43 |
|  clk_inst/inst/clk_out1 | cpu/is_lui_auipc_jal_jalr_addi_add_sub0                             | cpu/sys_reset                                            |                6 |             23 |         3.83 |
|  clk_inst/inst/clk_out1 | cpu/mem_wstrb_reg[1]_0[0]                                           | cpu/sys_reset                                            |                7 |             30 |         4.29 |
|  clk_inst/inst/clk_out1 | cpu/is_lui_auipc_jal_jalr_addi_add_sub0                             |                                                          |               10 |             30 |         3.00 |
|  clk_inst/inst/clk_out1 | cpu/mem_wdata[31]_i_1_n_0                                           |                                                          |                6 |             32 |         5.33 |
|  clk_inst/inst/clk_out1 | cpu/reg_op1[31]_i_1_n_0                                             |                                                          |               14 |             32 |         2.29 |
|  clk_inst/inst/clk_out1 | cpu/reg_op2[31]_i_1_n_0                                             |                                                          |               10 |             32 |         3.20 |
|  clk_inst/inst/clk_out1 | axi_bridge_inst/cpu_rdata[31]_i_1_n_0                               | cpu/sys_reset                                            |               11 |             32 |         2.91 |
|  clk_inst/inst/clk_out1 | axi_bridge_inst/gpio_arvalid_reg_0[0]                               | cpu/sys_reset                                            |                7 |             32 |         4.57 |
|  clk_inst/inst/clk_out1 | cpu/mem_addr[31]_i_1_n_0                                            |                                                          |               19 |             33 |         1.74 |
|  clk_inst/inst/clk_out1 | cpu/mem_addr_reg[4]_1[0]                                            | cpu/sys_reset                                            |               10 |             36 |         3.60 |
|  clk_inst/inst/clk_out1 | spi_inst/x_data                                                     | cpu/sys_reset                                            |                9 |             36 |         4.00 |
|  clk_inst/inst/clk_out1 | cpu/E[0]                                                            | cpu/sys_reset                                            |               12 |             39 |         3.25 |
|  clk_inst/inst/clk_out1 | cpu/instr_jal_i_1_n_0                                               |                                                          |               12 |             43 |         3.58 |
|  clk_inst/inst/clk_out1 | cpu/reg_next_pc                                                     | cpu/sys_reset                                            |               20 |             62 |         3.10 |
|  clk_inst/inst/clk_out1 | cpu/count_instr                                                     | cpu/sys_reset                                            |               16 |             64 |         4.00 |
|  clk_inst/inst/clk_out1 |                                                                     |                                                          |               34 |             64 |         1.88 |
|  clk_inst/inst/clk_out1 | cpu/cpuregs_reg_r1_0_31_0_5_i_1_n_0                                 |                                                          |               11 |             88 |         8.00 |
|  clk_inst/inst/clk_out1 |                                                                     | cpu/sys_reset                                            |               76 |            195 |         2.57 |
+-------------------------+---------------------------------------------------------------------+----------------------------------------------------------+------------------+----------------+--------------+


